Turbo Assembler	 Version 4.1	    10/04/21 11:34:19	    Page 1
LAB3.ASM



      1	0000			     LAB3 segment 'code'
      2				     assume cs:LAB3, ds:LAB3, ss:LAB3, es:LAB3
      3				     org 100h
      4	0100  EB 0B 90		     begin: jmp	main
      5					    ;------------------------------------------------------------
      6	0103  ????			    data dw ?
      7	0105  2B			    my_s db '+'
      8	0106  ??			    T_Th db ?
      9	0107  ??			    Th db ?
     10	0108  ??			    Hu db ?
     11	0109  ??			    Tens db ?
     12	010A  ??			    Ones db ?
     13					    ;------------------------------------------------------------
     14	010B  ????			    ans	dw ?
     15	010D			     MAIN proc near
     16					  ;a--------------------------------------------------------------
     17					  ;3 x 5----------------------------------------------------------
     18	010D  B0 03			  mov al,3
     19	010F  B3 05			  mov bl,5
     20	0111  F6 EB			  imul bl
     21	0113  50			  push ax
     22					  ;(1982 - 1875)/25 + 497-----------------------------------------
     23	0114  B8 07BE			  mov ax,1982
     24	0117  2D 0741			  sub ax,1857
     25					  ;/25
     26	011A  99			  cwd
     27	011B  BB 0019			  mov bx,25
     28	011E  F7 FB			  idiv bx
     29					  ;+ 497
     30	0120  05 01F1			  add ax,497
     31	0123  A3 010Br			  mov ans,ax
     32					  ;+ 15
     33	0126  58			  pop ax
     34	0127  03 06 010Br		  add ax,ans
     35					  ;a end---------------------------------------------------------
     36					  ;print a
     37	012B  A3 0103r			  mov data,ax
     38	012E  E8 003E			  call DISP
     39
     40
     41					  ;b-------------------------------------------------------------
     42					  ;(12 - 10)
     43	0131  B8 000C			  mov ax,12
     44	0134  2D 000A			  sub ax,10
     45	0137  50			  push ax
     46					  ;(12 x 14)
     47	0138  B0 0C			  mov al,12
     48	013A  B3 0E			  mov bl,14
     49	013C  F6 EB			  imul bl
     50					  ;(12 - 10) x (12 x 14)
     51	013E  8B D8			  mov bx,ax
     52	0140  58			  pop ax
     53	0141  F7 EB			  imul bx
     54	0143  50			  push ax
     55					  ;(1920 - 820)
     56	0144  B8 0780			  mov ax,1920
     57	0147  2D 0334			  sub ax,820
Turbo Assembler	 Version 4.1	    10/04/21 11:34:19	    Page 2
LAB3.ASM



     58	014A  50			  push ax
     59					  ;(120	- 10)
     60	014B  B8 0078			  mov ax,120
     61	014E  2D 000A			  sub ax,10
     62					  ;(1920 - 820)	/ (120 - 10)
     63	0151  8B D8			  mov bx,ax
     64	0153  58			  pop ax
     65	0154  99			  cwd
     66	0155  F7 FB			  idiv bx
     67	0157  50			  push ax
     68					  ;(12 - 7)
     69	0158  B8 000C			  mov ax,12
     70	015B  2D 0007			  sub ax,7
     71					  ;(12 - 7) x ((1920 - 820) / (120 - 10))
     72	015E  8B D8			  mov bx,ax
     73	0160  58			  pop ax
     74	0161  F7 EB			  imul bx
     75					  ;((12	- 7) x ((1920 -	820) / (120 - 10))) + ((12 - 10) x (12 x 14))
     76	0163  8B D8			  mov bx,ax
     77	0165  58			  pop ax
     78	0166  03 C3			  add ax,bx
     79					  ;b end---------------------------------------------------------
     80					  ;print b
     81	0168  A3 0103r			  mov data,ax
     82	016B  E8 0001			  call DISP
     83	016E  C3			  ret
     84	016F			     MAIN endp
     85	016F			     DISP proc near
     86	016F  A1 0103r			  mov ax,data
     87	0172  25 8000			  and ax,1000000000000000b
     88	0175  B1 0F			  mov cl,15
     89	0177  D3 E8			  shr ax,cl
     90	0179  3D 0001			  cmp ax,1
     91	017C  75 0D			  jne @m1
     92	017E  A1 0103r			  mov ax,data
     93	0181  F7 D8			  neg ax
     94	0183  C6 06 0105r 2D		  mov my_s,'-'
     95	0188  EB 04 90			  jmp @m2
     96					  ;--- Получаем	десятки тысяч ---------------
     97	018B  A1 0103r			  @m1: mov ax,data
     98	018E  99			  @m2: cwd
     99	018F  BB 2710			  mov bx,10000
    100	0192  F7 FB			  idiv bx
    101	0194  A2 0106r			  mov T_Th,al
    102					  ;------- Получаем тысячи ------------------------------
    103	0197  8B C2			  mov ax,dx
    104	0199  99			  cwd
    105	019A  BB 03E8			  mov bx,1000
    106	019D  F7 FB			  idiv bx
    107	019F  A2 0107r			  mov Th,al
    108					  ;------ Получаем сотни ---------------
    109	01A2  8B C2			  mov ax,dx
    110	01A4  B3 64			  mov bl,100
    111	01A6  F6 FB			  idiv bl
    112	01A8  A2 0108r			  mov Hu,al
    113					  ;----	Получаем десятки	и единицы ----------------------
    114	01AB  8A C4			  mov al,ah
Turbo Assembler	 Version 4.1	    10/04/21 11:34:19	    Page 3
LAB3.ASM



    115	01AD  98			  cbw
    116	01AE  B3 0A			  mov bl,10
    117	01B0  F6 FB			  idiv bl
    118	01B2  A2 0109r			  mov Tens,al
    119	01B5  88 26 010Ar		  mov Ones,ah
    120					  ;--- Выводим знак -----------------------
    121	01B9  80 3E 0105r 2B		  cmp my_s,'+'
    122	01BE  74 08			  je @m500
    123	01C0  B4 02			  mov ah,02h
    124	01C2  8A 16 0105r		  mov dl,my_s
    125	01C6  CD 21			  int 21h
    126					  ;---------- Выводим цифры	-----------------
    127	01C8  80 3E 0106r 00		  @m500: cmp T_TH,0 ; проверка на ноль
    128	01CD  74 0B			  je @m200
    129	01CF  B4 02			  mov ah,02h ; выводим на экран, если	не ноль
    130	01D1  8A 16 0106r		  mov dl,T_Th
    131	01D5  80 C2 30			  add dl,48
    132	01D8  CD 21			  int 21h
    133	01DA  80 3E 0106r 00		  @m200: cmp T_Th,0
    134	01DF  75 07			  jne @m300
    135	01E1  80 3E 0107r 00		  cmp Th,0
    136	01E6  74 0B			  je @m400
    137	01E8  B4 02			  @m300: mov ah,02h
    138	01EA  8A 16 0107r		  mov dl,Th
    139	01EE  80 C2 30			  add dl,48
    140	01F1  CD 21			  int 21h
    141	01F3  80 3E 0106r 00		  @m400: cmp T_TH,0
    142	01F8  75 0E			  jne @m600
    143	01FA  80 3E 0107r 00		  cmp Th,0
    144	01FF  75 07			  jne @m600
    145	0201  80 3E 0108r 00		  cmp hu,0
    146	0206  74 0B			  je @m700
    147	0208  B4 02			  @m600: mov ah,02h
    148	020A  8A 16 0108r		  mov dl,Hu
    149	020E  80 C2 30			  add dl,48
    150	0211  CD 21			  int 21h
    151	0213  80 3E 0106r 00		  @m700: cmp T_TH,0
    152	0218  75 15			  jne @m900
    153	021A  80 3E 0107r 00		  cmp Th,0
    154	021F  75 0E			  jne @m900
    155	0221  80 3E 0108r 00		  cmp Hu,0
    156	0226  75 07			  jne @m900
    157	0228  80 3E 0109r 00		  cmp Tens,0
    158	022D  74 0B			  je @m950
    159	022F  B4 02			  @m900: mov ah,02h
    160	0231  8A 16 0109r		  mov dl,Tens
    161	0235  80 C2 30			  add dl,48
    162	0238  CD 21			  int 21h
    163	023A  B4 02			  @m950: mov ah,02h
    164	023C  8A 16 010Ar		  mov dl,Ones
    165	0240  80 C2 30			  add dl,48
    166	0243  CD 21			  int 21h
    167	0245  B4 02			  mov ah,02h
    168	0247  B2 0A			  mov dl,10
    169	0249  CD 21			  int 21h
    170	024B  B4 02			  mov ah,02h
    171	024D  B2 0D			  mov dl,13
Turbo Assembler	 Version 4.1	    10/04/21 11:34:19	    Page 4
LAB3.ASM



    172	024F  CD 21			  int 21h
    173					  ;-------------------------------------
    174	0251  B4 08			  mov ah,08
    175	0253  CD 21			  int 21h
    176	0255  C3			  ret
    177	0256			     DISP endp
    178	0256			     LAB3 ends
    179				     end begin
Turbo Assembler	 Version 4.1	    10/04/21 11:34:19	    Page 5
Symbol Table




Symbol Name			  Type	 Value

??DATE				  Text	 "10/04/21"
??FILENAME			  Text	 "LAB3	  "
??TIME				  Text	 "11:34:19"
??VERSION			  Number 040A
@CPU				  Text	 0101H
@CURSEG				  Text	 LAB3
@FILENAME			  Text	 LAB3
@M1				  Near	 LAB3:018B
@M2				  Near	 LAB3:018E
@M200				  Near	 LAB3:01DA
@M300				  Near	 LAB3:01E8
@M400				  Near	 LAB3:01F3
@M500				  Near	 LAB3:01C8
@M600				  Near	 LAB3:0208
@M700				  Near	 LAB3:0213
@M900				  Near	 LAB3:022F
@M950				  Near	 LAB3:023A
@WORDSIZE			  Text	 2
ANS				  Word	 LAB3:010B
BEGIN				  Near	 LAB3:0100
DATA				  Word	 LAB3:0103
DISP				  Near	 LAB3:016F
HU				  Byte	 LAB3:0108
MAIN				  Near	 LAB3:010D
MY_S				  Byte	 LAB3:0105
ONES				  Byte	 LAB3:010A
TENS				  Byte	 LAB3:0109
TH				  Byte	 LAB3:0107
T_TH				  Byte	 LAB3:0106

Groups & Segments		  Bit Size Align  Combine Class

LAB3				  16  0256 Para	  none	  CODE
